WARNING
WARNING
WARNING
